// Jest Snapshot v1, https://goo.gl/fbAQLP

exports[`splitTextByTags should split the text by 1 tag 1`] = `
[
  [
    "#flashcard",
    "        #flashcard

        #tag3

        # tag1 Test 3 // Not split this because it's mixing with text
        Test 4

        #tag2 

        AAAAAA :: BBBBBB",
  ],
]
`;

exports[`splitTextByTags should split the text by 2 given tags 1`] = `
[
  [
    "#tag1",
    "#tag1

#tag3

# tag1 Test 3 // Not split this because it's mixing with text
Test 4",
  ],
  [
    "#tag2",
    "#tag2 

AAAAAA :: BBBBBB",
  ],
]
`;
